// Jest Snapshot v1, https://goo.gl/fbAQLP

exports[`Pruebas en app Debe de mostrar el componente <App/> 1`] = `
<Fragment>
  <h1>
    Hola soy tu papi
  </h1>
  <p>
    soy subtitulo papi
  </p>
</Fragment>
`;
